{"version": "1.4.0", "plugins_used": [{"name": "detect_secrets", "version": "1.4.0"}], "filters_used": [{"path": "detect_secrets.filters.allowlist.is_line_allowlisted"}, {"path": "detect_secrets.filters.common.is_ignored_due_to_verification_policies", "min_level": 2}, {"path": "detect_secrets.filters.heuristic.is_indirect_reference"}], "results": {}, "generated_at": "2025-03-04T00:00:00Z"}
